// Jest Snapshot v1, https://goo.gl/fbAQLP

exports[`Button renders Button correctly 1`] = `
<button
  className="Button__StyledButton-sc-1p5kn3w-0 kAJRXX"
/>
`;
