// Jest Snapshot v1, https://goo.gl/fbAQLP

exports[`DateInput renders correctly 1`] = `undefined`;
