// Jest Snapshot v1, https://goo.gl/fbAQLP

exports[`Header renders Header correctly 1`] = `undefined`;
