// Jest Snapshot v1, https://goo.gl/fbAQLP

exports[`NumberInput renders NumberInput correctly 1`] = `undefined`;

exports[`NumberInput renders correctly 1`] = `undefined`;
