// Jest Snapshot v1, https://goo.gl/fbAQLP

exports[`TextInput renders TextInput correctly 1`] = `undefined`;

exports[`TextInput renders correctly 1`] = `undefined`;
